{"level":"info","message":"Server running on port 5000","timestamp":"2025-03-11T11:21:39.264Z"}
{"level":"info","message":"MongoDB connected","timestamp":"2025-03-11T11:21:39.395Z"}
{"level":"info","message":"MongoDB connected successfully","timestamp":"2025-03-11T11:21:39.396Z"}
{"code":"ECONNREFUSED","level":"error","message":"PostgreSQL connection error:","stack":"AggregateError\n    at internalConnectMultiple (node:net:1118:18)\n    at afterConnectMultiple (node:net:1685:7)","timestamp":"2025-03-11T11:21:39.434Z"}
{"level":"info","message":"Server running on port 5000","timestamp":"2025-03-21T08:01:10.941Z"}
{"level":"info","message":"MongoDB connected","timestamp":"2025-03-21T08:01:11.027Z"}
{"level":"info","message":"MongoDB connected successfully","timestamp":"2025-03-21T08:01:11.027Z"}
{"code":"ECONNREFUSED","level":"error","message":"PostgreSQL connection error:","stack":"AggregateError\n    at internalConnectMultiple (node:net:1118:18)\n    at afterConnectMultiple (node:net:1685:7)","timestamp":"2025-03-21T08:01:11.040Z"}
{"level":"info","message":"MongoDB connected","timestamp":"2025-03-21T08:05:47.719Z"}
{"level":"info","message":"MongoDB connected successfully","timestamp":"2025-03-21T08:05:47.723Z"}
{"level":"warn","message":"PostgreSQL connection failed, but continuing without it. Some features may not work properly.","timestamp":"2025-03-21T08:05:47.736Z"}
{"code":"ECONNREFUSED","level":"error","message":"PostgreSQL error details:","stack":"AggregateError\n    at internalConnectMultiple (node:net:1118:18)\n    at afterConnectMultiple (node:net:1685:7)","timestamp":"2025-03-21T08:05:47.737Z"}
{"level":"info","message":"Server running on port 5000","timestamp":"2025-03-21T08:05:47.741Z"}
{"level":"info","message":"GET /api","timestamp":"2025-03-21T08:07:30.201Z"}
{"level":"info","message":"MongoDB connected","timestamp":"2025-03-21T08:13:27.589Z"}
{"level":"info","message":"MongoDB connected successfully","timestamp":"2025-03-21T08:13:27.593Z"}
{"level":"warn","message":"PostgreSQL connection failed, but continuing without it. Some features may not work properly.","timestamp":"2025-03-21T08:13:27.608Z"}
{"code":"ECONNREFUSED","level":"error","message":"PostgreSQL error details:","stack":"AggregateError\n    at internalConnectMultiple (node:net:1118:18)\n    at afterConnectMultiple (node:net:1685:7)","timestamp":"2025-03-21T08:13:27.609Z"}
{"level":"info","message":"Server running on port 5000","timestamp":"2025-03-21T08:13:27.613Z"}
{"level":"info","message":"GET /api","timestamp":"2025-03-21T08:13:28.102Z"}
{"level":"info","message":"POST /api/auth/register","timestamp":"2025-03-21T08:14:35.975Z"}
{"level":"info","message":"POST /api/auth/register","timestamp":"2025-03-21T08:14:47.654Z"}
{"level":"error","message":"SyntaxError: Expected property name or '}' in JSON at position 1\n    at JSON.parse (<anonymous>)\n    at parse (C:\\Users\\Adisvara\\Desktop\\Projects\\influencer-connect\\influencer-connect-backend\\node_modules\\body-parser\\lib\\types\\json.js:92:19)\n    at C:\\Users\\Adisvara\\Desktop\\Projects\\influencer-connect\\influencer-connect-backend\\node_modules\\body-parser\\lib\\read.js:128:18\n    at AsyncResource.runInAsyncScope (node:async_hooks:206:9)\n    at invokeCallback (C:\\Users\\Adisvara\\Desktop\\Projects\\influencer-connect\\influencer-connect-backend\\node_modules\\raw-body\\index.js:238:16)\n    at done (C:\\Users\\Adisvara\\Desktop\\Projects\\influencer-connect\\influencer-connect-backend\\node_modules\\raw-body\\index.js:227:7)\n    at IncomingMessage.onEnd (C:\\Users\\Adisvara\\Desktop\\Projects\\influencer-connect\\influencer-connect-backend\\node_modules\\raw-body\\index.js:287:7)\n    at IncomingMessage.emit (node:events:519:28)\n    at IncomingMessage.emit (node:domain:488:12)\n    at endReadableNT (node:internal/streams/readable:1696:12)","timestamp":"2025-03-21T08:15:01.481Z"}
{"level":"error","message":"SyntaxError: Expected property name or '}' in JSON at position 1\n    at JSON.parse (<anonymous>)\n    at parse (C:\\Users\\Adisvara\\Desktop\\Projects\\influencer-connect\\influencer-connect-backend\\node_modules\\body-parser\\lib\\types\\json.js:92:19)\n    at C:\\Users\\Adisvara\\Desktop\\Projects\\influencer-connect\\influencer-connect-backend\\node_modules\\body-parser\\lib\\read.js:128:18\n    at AsyncResource.runInAsyncScope (node:async_hooks:206:9)\n    at invokeCallback (C:\\Users\\Adisvara\\Desktop\\Projects\\influencer-connect\\influencer-connect-backend\\node_modules\\raw-body\\index.js:238:16)\n    at done (C:\\Users\\Adisvara\\Desktop\\Projects\\influencer-connect\\influencer-connect-backend\\node_modules\\raw-body\\index.js:227:7)\n    at IncomingMessage.onEnd (C:\\Users\\Adisvara\\Desktop\\Projects\\influencer-connect\\influencer-connect-backend\\node_modules\\raw-body\\index.js:287:7)\n    at IncomingMessage.emit (node:events:519:28)\n    at IncomingMessage.emit (node:domain:488:12)\n    at endReadableNT (node:internal/streams/readable:1696:12)","timestamp":"2025-03-21T08:15:12.302Z"}
{"level":"info","message":"GET /api/influencers","timestamp":"2025-03-21T08:15:26.088Z"}
{"level":"error","message":"SyntaxError: Expected property name or '}' in JSON at position 1\n    at JSON.parse (<anonymous>)\n    at parse (C:\\Users\\Adisvara\\Desktop\\Projects\\influencer-connect\\influencer-connect-backend\\node_modules\\body-parser\\lib\\types\\json.js:92:19)\n    at C:\\Users\\Adisvara\\Desktop\\Projects\\influencer-connect\\influencer-connect-backend\\node_modules\\body-parser\\lib\\read.js:128:18\n    at AsyncResource.runInAsyncScope (node:async_hooks:206:9)\n    at invokeCallback (C:\\Users\\Adisvara\\Desktop\\Projects\\influencer-connect\\influencer-connect-backend\\node_modules\\raw-body\\index.js:238:16)\n    at done (C:\\Users\\Adisvara\\Desktop\\Projects\\influencer-connect\\influencer-connect-backend\\node_modules\\raw-body\\index.js:227:7)\n    at IncomingMessage.onEnd (C:\\Users\\Adisvara\\Desktop\\Projects\\influencer-connect\\influencer-connect-backend\\node_modules\\raw-body\\index.js:287:7)\n    at IncomingMessage.emit (node:events:519:28)\n    at IncomingMessage.emit (node:domain:488:12)\n    at endReadableNT (node:internal/streams/readable:1696:12)","timestamp":"2025-03-21T08:15:46.464Z"}
{"level":"info","message":"POST /api/auth/login","timestamp":"2025-03-21T08:16:00.779Z"}
